
[1m[30m[46m RUN [49m[39m[22m [36mv4.1.11 [39m[90m/app/applet[39m

 [31m❯[39m src/components/PreviewPanel.test.tsx [2m([22m[2m5 tests[22m[2m | [22m[31m1 failed[39m[2m)[22m[33m 1705[2mms[22m[39m
     [32m✓[39m escapes closing script tags case-insensitively in script code[32m 2[2mms[22m[39m
     [32m✓[39m buildBundledHtml sanitizes code when index.html is provided[32m 11[2mms[22m[39m
     [32m✓[39m buildBundledHtml sanitizes code when fallback index is used (no index.html)[32m 1[2mms[22m[39m
     [33m[2m✓[22m[39m regression test: bundles a fixture whose source contains literal "<script>x</script>" and builds safe finalHtml [33m 561[2mms[22m[39m
[31m     [31m×[31m exercises both paths via the React component to ensure literal </script> does not break HTML[39m[33m 1127[2mms[22m[39m

[2m Test Files [22m [1m[31m1 failed[39m[22m[90m (1)[39m
[2m      Tests [22m [1m[31m1 failed[39m[22m[2m | [22m[1m[32m4 passed[39m[22m[90m (5)[39m
[2m   Start at [22m 15:39:48
[2m   Duration [22m 3.17s[2m (transform 251ms, setup 0ms, import 727ms, tests 1.70s, environment 494ms)[22m

